// Jest Snapshot v1, https://goo.gl/fbAQLP

exports[`Logo component matches snapshot 1`] = `
<img
  alt="TalkRise OrderMan"
  className="img"
  src="data:image/png;base64,iVBORw0KGgoAAAANSUhEUgAAAAEAAAABCAYAAAAfFcSJAAAADUlEQVR42mNk+P+/HgAFhAJ/wlseKgAAAABJRU5ErkJggg=="
  width="150"
/>
`;
