// Jest Snapshot v1, https://goo.gl/fbAQLP

exports[`PageTitle component matches snapshot 1`] = `
<h1>
  Sample Title
</h1>
`;
